{"seed": 0, "workload": "fixed_steps", "arm": "baseline", "seconds_per_unit": 0.03305525499662732, "joules_per_unit": 2.1229696458684657}
{"seed": 0, "workload": "fixed_steps", "arm": "current", "seconds_per_unit": 0.026769491291736933, "joules_per_unit": 1.7331247892074197}
{"seed": 0, "workload": "centered_updates", "arm": "baseline", "seconds_per_unit": 0.25694871844927536, "joules_per_unit": 16.631391304347826}
{"seed": 0, "workload": "centered_updates", "arm": "current", "seconds_per_unit": 0.2145022996521739, "joules_per_unit": 13.97340579710145}
{"seed": 0, "workload": "residual_cold", "arm": "baseline", "seconds_per_unit": 0.022337876554482758, "joules_per_unit": 1.425030344827586}
{"seed": 0, "workload": "residual_cold", "arm": "current", "seconds_per_unit": 0.020577326191724137, "joules_per_unit": 1.3300855172413792}
{"seed": 1, "workload": "fixed_steps", "arm": "current", "seconds_per_unit": 0.027046167241146713, "joules_per_unit": 1.779787521079258}
{"seed": 1, "workload": "fixed_steps", "arm": "baseline", "seconds_per_unit": 0.032998784418212475, "joules_per_unit": 2.16118718381113}
{"seed": 1, "workload": "centered_updates", "arm": "current", "seconds_per_unit": 0.21588750446376812, "joules_per_unit": 14.096985507246377}
{"seed": 1, "workload": "centered_updates", "arm": "baseline", "seconds_per_unit": 0.25404755063768114, "joules_per_unit": 16.522565217391303}
{"seed": 1, "workload": "residual_cold", "arm": "current", "seconds_per_unit": 0.02067648620275862, "joules_per_unit": 1.3378124137931033}
{"seed": 1, "workload": "residual_cold", "arm": "baseline", "seconds_per_unit": 0.022539154016551724, "joules_per_unit": 1.433168275862069}
{"seed": 2, "workload": "fixed_steps", "arm": "baseline", "seconds_per_unit": 0.03311634127318719, "joules_per_unit": 2.15766610455312}
{"seed": 2, "workload": "fixed_steps", "arm": "current", "seconds_per_unit": 0.027055831101180438, "joules_per_unit": 1.7779072512647554}
{"seed": 2, "workload": "centered_updates", "arm": "baseline", "seconds_per_unit": 0.2560684430289855, "joules_per_unit": 16.714811594202896}
{"seed": 2, "workload": "centered_updates", "arm": "current", "seconds_per_unit": 0.21707132766666665, "joules_per_unit": 14.117855072463767}
{"seed": 2, "workload": "residual_cold", "arm": "baseline", "seconds_per_unit": 0.022649488903448277, "joules_per_unit": 1.4483503448275863}
{"seed": 2, "workload": "residual_cold", "arm": "current", "seconds_per_unit": 0.020613337184827586, "joules_per_unit": 1.3450675862068966}
{"seed": 3, "workload": "fixed_steps", "arm": "current", "seconds_per_unit": 0.026795513961214164, "joules_per_unit": 1.7784738617200675}
{"seed": 3, "workload": "fixed_steps", "arm": "baseline", "seconds_per_unit": 0.033209990445193925, "joules_per_unit": 2.203763912310287}
{"seed": 3, "workload": "centered_updates", "arm": "current", "seconds_per_unit": 0.21347276960869566, "joules_per_unit": 14.128840579710145}
{"seed": 3, "workload": "centered_updates", "arm": "baseline", "seconds_per_unit": 0.25442269742028983, "joules_per_unit": 16.865260869565216}
{"seed": 3, "workload": "residual_cold", "arm": "current", "seconds_per_unit": 0.020485419182068965, "joules_per_unit": 1.351431724137931}
{"seed": 3, "workload": "residual_cold", "arm": "baseline", "seconds_per_unit": 0.02242627063034483, "joules_per_unit": 1.4480606896551724}
{"seed": 4, "workload": "fixed_steps", "arm": "baseline", "seconds_per_unit": 0.03314497318381113, "joules_per_unit": 2.2030404721753793}
{"seed": 4, "workload": "fixed_steps", "arm": "current", "seconds_per_unit": 0.027266277510961213, "joules_per_unit": 1.8163625632377742}
{"seed": 4, "workload": "centered_updates", "arm": "baseline", "seconds_per_unit": 0.2585185151304348, "joules_per_unit": 17.126739130434782}
{"seed": 4, "workload": "centered_updates", "arm": "current", "seconds_per_unit": 0.21550234910144928, "joules_per_unit": 14.209043478260869}
{"seed": 4, "workload": "residual_cold", "arm": "baseline", "seconds_per_unit": 0.02245808311724138, "joules_per_unit": 1.4550979310344827}
{"seed": 4, "workload": "residual_cold", "arm": "current", "seconds_per_unit": 0.020745045851034483, "joules_per_unit": 1.356608275862069}
{"status": "complete", "locked_counts": {"centered_updates": 69, "fixed_steps": 593, "residual_cold": 725}, "estimated_seconds": null}
