{"seed": 0, "arm": "patch_memory", "return": 1.0000000000000004, "seconds": 25.887185374973342}
{"seed": 0, "arm": "patch_masked", "return": -0.4879166666666665, "seconds": 19.820128666993696}
{"seed": 0, "arm": "patch_no_direct", "return": 1.0000000000000004, "seconds": 39.524622666998766}
{"seed": 0, "arm": "linear_memory", "return": 1.0000000000000004, "seconds": 5.719201874977443}
{"seed": 0, "arm": "linear_masked", "return": -0.48791666666666655, "seconds": 5.576034916972276}
{"seed": 1, "arm": "patch_memory", "return": 1.0000000000000004, "seconds": 45.31329708301928}
{"seed": 1, "arm": "patch_masked", "return": -0.4912499999999999, "seconds": 30.54718504199991}
{"seed": 1, "arm": "patch_no_direct", "return": 1.0000000000000004, "seconds": 59.30830637499457}
{"seed": 1, "arm": "linear_memory", "return": 1.0000000000000004, "seconds": 7.448167082970031}
{"seed": 1, "arm": "linear_masked", "return": -0.5020833333333333, "seconds": 6.761522250017151}
{"seed": 2, "arm": "patch_memory", "return": 1.0000000000000004, "seconds": 44.38595316698775}
{"seed": 2, "arm": "patch_masked", "return": -0.5070833333333333, "seconds": 36.51746420800919}
{"seed": 2, "arm": "patch_no_direct", "return": 1.0000000000000004, "seconds": 49.07878787495429}
{"seed": 2, "arm": "linear_memory", "return": 1.0000000000000004, "seconds": 7.24475466698641}
{"seed": 2, "arm": "linear_masked", "return": -0.5024999999999998, "seconds": 9.181535375013482}
{"seed": 3, "arm": "patch_memory", "return": 1.0000000000000004, "seconds": 41.70067674998427}
{"seed": 3, "arm": "patch_masked", "return": -0.4908333333333331, "seconds": 29.91379641694948}
{"seed": 3, "arm": "patch_no_direct", "return": 1.0000000000000004, "seconds": 49.317496875009965}
{"seed": 3, "arm": "linear_memory", "return": 1.0000000000000004, "seconds": 7.200559499964584}
{"seed": 3, "arm": "linear_masked", "return": -0.4908333333333331, "seconds": 6.760299957997631}
{"seed": 4, "arm": "patch_memory", "return": 1.0000000000000004, "seconds": 45.012714291980956}
{"seed": 4, "arm": "patch_masked", "return": -0.48208333333333314, "seconds": 28.043407166027464}
{"seed": 4, "arm": "patch_no_direct", "return": 1.0000000000000004, "seconds": 67.1444772920222}
{"seed": 4, "arm": "linear_memory", "return": 1.0000000000000004, "seconds": 18.83647987502627}
{"seed": 4, "arm": "linear_masked", "return": -0.47874999999999995, "seconds": 11.923831958964001}
