101 clean delta 1.0
101 clean separated_delta 1.0
101 clean nearest_fifo 0.9375
101 clean frozen_prototypes 1.0
101 clean content 1.0
101 noisy delta 1.0
101 noisy separated_delta 0.9875
101 noisy nearest_fifo 0.9375
101 noisy frozen_prototypes 1.0
101 noisy content 1.0
101 aliased delta 0.5
101 aliased separated_delta 0.5
101 aliased nearest_fifo 0.5
101 aliased frozen_prototypes 0.5
101 aliased content 0.5
101 overflow delta 0.6531
101 overflow separated_delta 1.0
101 overflow nearest_fifo 0.375
101 overflow frozen_prototypes 0.5
101 overflow content 0.5
102 clean delta 1.0
102 clean separated_delta 1.0
102 clean nearest_fifo 0.875
102 clean frozen_prototypes 1.0
102 clean content 1.0
102 noisy delta 0.9875
102 noisy separated_delta 0.9812
102 noisy nearest_fifo 0.875
102 noisy frozen_prototypes 0.9969
102 noisy content 1.0
102 aliased delta 0.5
102 aliased separated_delta 0.5
102 aliased nearest_fifo 0.5
102 aliased frozen_prototypes 0.5
102 aliased content 0.5
102 overflow delta 0.6531
102 overflow separated_delta 0.9992
102 overflow nearest_fifo 0.375
102 overflow frozen_prototypes 0.5
102 overflow content 0.5
103 clean delta 1.0
103 clean separated_delta 1.0
103 clean nearest_fifo 0.875
103 clean frozen_prototypes 1.0
103 clean content 1.0
103 noisy delta 0.9844
103 noisy separated_delta 0.9781
103 noisy nearest_fifo 0.875
103 noisy frozen_prototypes 1.0
103 noisy content 1.0
103 aliased delta 0.5
103 aliased separated_delta 0.5
103 aliased nearest_fifo 0.5
103 aliased frozen_prototypes 0.5
103 aliased content 0.5
103 overflow delta 0.5859
103 overflow separated_delta 0.9992
103 overflow nearest_fifo 0.3281
103 overflow frozen_prototypes 0.5
103 overflow content 0.5
104 clean delta 1.0
104 clean separated_delta 1.0
104 clean nearest_fifo 0.9375
104 clean frozen_prototypes 1.0
104 clean content 1.0
104 noisy delta 0.9938
104 noisy separated_delta 0.9969
104 noisy nearest_fifo 0.9375
104 noisy frozen_prototypes 0.9938
104 noisy content 1.0
104 aliased delta 0.5
104 aliased separated_delta 0.5
104 aliased nearest_fifo 0.5
104 aliased frozen_prototypes 0.5
104 aliased content 0.5
104 overflow delta 0.618
104 overflow separated_delta 1.0
104 overflow nearest_fifo 0.3906
104 overflow frozen_prototypes 0.5
104 overflow content 0.5
105 clean delta 1.0
105 clean separated_delta 1.0
105 clean nearest_fifo 0.9375
105 clean frozen_prototypes 1.0
105 clean content 1.0
105 noisy delta 0.9969
105 noisy separated_delta 0.9906
105 noisy nearest_fifo 0.9375
105 noisy frozen_prototypes 1.0
105 noisy content 1.0
105 aliased delta 0.5
105 aliased separated_delta 0.5
105 aliased nearest_fifo 0.5
105 aliased frozen_prototypes 0.5
105 aliased content 0.5
105 overflow delta 0.6461
105 overflow separated_delta 1.0
105 overflow nearest_fifo 0.4062
105 overflow frozen_prototypes 0.5
105 overflow content 0.5
