201 history 0 0.7227
201 history 1 0.7617
201 history 2 0.7539
201 history 3 0.6797
201 history 4 0.7227
201 history 5 0.8047
201 history 6 0.7305
201 history 7 0.8203
201 history 8 0.8086
201 history 9 0.8164
201 history 10 0.7734
201 history 11 0.8164
201 history 12 0.7266
201 history 13 0.7578
201 history 14 0.7578
201 history 15 0.7383
201 history 16 0.6914
201 history 17 0.7852
201 history 18 0.7734
201 history 19 0.7344
201 history 20 0.8086
201 history 21 0.7031
201 history 22 0.8125
201 history 23 0.8086
201 history 24 0.7891
201 history 25 0.7578
201 history 26 0.7773
201 history 27 0.7773
201 history 28 0.7227
201 history 29 0.7891
201 carried native 0.7109375 ridge 0.76171875
201 reset_head native 0.68359375 ridge 0.82421875
201 reset_representation native 0.67578125 ridge 0.83984375
201 reset_all native 0.74609375 ridge 0.890625
202 history 0 0.793
202 history 1 0.7305
202 history 2 0.7539
202 history 3 0.7617
202 history 4 0.7656
202 history 5 0.7891
202 history 6 0.6836
202 history 7 0.7773
202 history 8 0.7812
202 history 9 0.7773
202 history 10 0.7695
202 history 11 0.7422
202 history 12 0.7695
202 history 13 0.6914
202 history 14 0.7109
202 history 15 0.7891
202 history 16 0.707
202 history 17 0.6992
202 history 18 0.7422
202 history 19 0.7461
202 history 20 0.7539
202 history 21 0.707
202 history 22 0.7031
202 history 23 0.7461
202 history 24 0.6953
202 history 25 0.6953
202 history 26 0.7344
202 history 27 0.8008
202 history 28 0.7344
202 history 29 0.7305
202 carried native 0.72265625 ridge 0.765625
202 reset_head native 0.4765625 ridge 0.8125
202 reset_representation native 0.7890625 ridge 0.81640625
202 reset_all native 0.6953125 ridge 0.84375
203 history 0 0.7695
203 history 1 0.7891
203 history 2 0.793
203 history 3 0.7812
203 history 4 0.7344
203 history 5 0.7539
203 history 6 0.7539
203 history 7 0.5898
203 history 8 0.7617
203 history 9 0.7539
203 history 10 0.7305
203 history 11 0.793
203 history 12 0.7734
203 history 13 0.7695
203 history 14 0.7695
203 history 15 0.7695
203 history 16 0.75
203 history 17 0.7773
203 history 18 0.7734
203 history 19 0.7383
203 history 20 0.6758
203 history 21 0.7188
203 history 22 0.7734
203 history 23 0.7109
203 history 24 0.7656
203 history 25 0.7852
203 history 26 0.6641
203 history 27 0.75
203 history 28 0.7656
203 history 29 0.6992
203 carried native 0.6953125 ridge 0.81640625
203 reset_head native 0.671875 ridge 0.859375
203 reset_representation native 0.7109375 ridge 0.8515625
203 reset_all native 0.69921875 ridge 0.8828125
204 history 0 0.6445
204 history 1 0.707
204 history 2 0.7422
204 history 3 0.6445
204 history 4 0.7422
204 history 5 0.7305
204 history 6 0.6836
204 history 7 0.7227
204 history 8 0.6641
204 history 9 0.6836
204 history 10 0.707
204 history 11 0.6641
204 history 12 0.7188
204 history 13 0.707
204 history 14 0.6523
204 history 15 0.7539
204 history 16 0.6836
204 history 17 0.6953
204 history 18 0.7422
204 history 19 0.6172
204 history 20 0.7188
204 history 21 0.6719
204 history 22 0.6406
204 history 23 0.7031
204 history 24 0.7109
204 history 25 0.6641
204 history 26 0.5703
204 history 27 0.6484
204 history 28 0.6328
204 history 29 0.6719
204 carried native 0.75390625 ridge 0.765625
204 reset_head native 0.56640625 ridge 0.7578125
204 reset_representation native 0.7734375 ridge 0.78125
204 reset_all native 0.72265625 ridge 0.80859375
205 history 0 0.7891
205 history 1 0.8008
205 history 2 0.7734
205 history 3 0.7578
205 history 4 0.6719
205 history 5 0.8164
205 history 6 0.7734
205 history 7 0.7422
205 history 8 0.793
205 history 9 0.7539
205 history 10 0.6758
205 history 11 0.7344
205 history 12 0.8164
205 history 13 0.8047
205 history 14 0.7148
205 history 15 0.75
205 history 16 0.7656
205 history 17 0.7422
205 history 18 0.7383
205 history 19 0.8086
205 history 20 0.7461
205 history 21 0.7461
205 history 22 0.7852
205 history 23 0.7773
205 history 24 0.7695
205 history 25 0.7578
205 history 26 0.6523
205 history 27 0.793
205 history 28 0.7852
205 history 29 0.7852
205 carried native 0.76953125 ridge 0.8125
205 reset_head native 0.61328125 ridge 0.796875
205 reset_representation native 0.734375 ridge 0.84375
205 reset_all native 0.8046875 ridge 0.82421875
