patch_none 101 0 current 0.75 all 0.166
patch_none 101 1 current 0.809 all 0.239
patch_none 101 2 current 0.742 all 0.27
patch_none 101 3 current 0.77 all 0.321
patch_none 101 4 current 0.824 all 0.334
patch_none 101 5 current 0.746 all 0.4
patch_none 101 6 current 0.84 all 0.45
patch_none 101 7 current 0.805 all 0.454
patch_none 101 8 current 0.676 all 0.45
patch_none 101 9 current 0.797 all 0.473
patch_repeat 101 0 current 0.75 all 0.166
patch_repeat 101 1 current 0.809 all 0.239
patch_repeat 101 2 current 0.742 all 0.27
patch_repeat 101 3 current 0.77 all 0.321
patch_repeat 101 4 current 0.824 all 0.334
patch_repeat 101 5 current 0.746 all 0.4
patch_repeat 101 6 current 0.84 all 0.45
patch_repeat 101 7 current 0.805 all 0.454
patch_repeat 101 8 current 0.707 all 0.454
patch_repeat 101 9 current 0.801 all 0.477
patch_replay 101 0 current 0.777 all 0.166
patch_replay 101 1 current 0.723 all 0.248
patch_replay 101 2 current 0.809 all 0.313
patch_replay 101 3 current 0.781 all 0.372
patch_replay 101 4 current 0.762 all 0.412
patch_replay 101 5 current 0.742 all 0.477
patch_replay 101 6 current 0.75 all 0.522
patch_replay 101 7 current 0.816 all 0.568
patch_replay 101 8 current 0.797 all 0.607
patch_replay 101 9 current 0.672 all 0.576
adam_none 101 0 current 0.605 all 0.154
adam_none 101 1 current 0.758 all 0.234
adam_none 101 2 current 0.676 all 0.279
adam_none 101 3 current 0.707 all 0.335
adam_none 101 4 current 0.711 all 0.363
adam_none 101 5 current 0.719 all 0.426
adam_none 101 6 current 0.777 all 0.489
adam_none 101 7 current 0.766 all 0.509
adam_none 101 8 current 0.727 all 0.543
adam_none 101 9 current 0.629 all 0.568
adam_repeat 101 0 current 0.605 all 0.154
adam_repeat 101 1 current 0.758 all 0.234
adam_repeat 101 2 current 0.676 all 0.279
adam_repeat 101 3 current 0.707 all 0.335
adam_repeat 101 4 current 0.711 all 0.363
adam_repeat 101 5 current 0.719 all 0.426
adam_repeat 101 6 current 0.777 all 0.489
adam_repeat 101 7 current 0.766 all 0.509
adam_repeat 101 8 current 0.727 all 0.543
adam_repeat 101 9 current 0.629 all 0.568
adam_replay 101 0 current 0.645 all 0.161
adam_replay 101 1 current 0.727 all 0.247
adam_replay 101 2 current 0.684 all 0.307
adam_replay 101 3 current 0.715 all 0.366
adam_replay 101 4 current 0.668 all 0.403
adam_replay 101 5 current 0.652 all 0.456
adam_replay 101 6 current 0.719 all 0.508
adam_replay 101 7 current 0.703 all 0.557
adam_replay 101 8 current 0.723 all 0.589
adam_replay 101 9 current 0.539 all 0.624
patch_none 102 0 current 0.656 all 0.155
patch_none 102 1 current 0.824 all 0.242
patch_none 102 2 current 0.777 all 0.309
patch_none 102 3 current 0.68 all 0.299
patch_none 102 4 current 0.809 all 0.386
patch_none 102 5 current 0.727 all 0.401
patch_none 102 6 current 0.816 all 0.405
patch_none 102 7 current 0.781 all 0.45
patch_none 102 8 current 0.684 all 0.417
patch_none 102 9 current 0.73 all 0.447
patch_repeat 102 0 current 0.656 all 0.155
patch_repeat 102 1 current 0.824 all 0.242
patch_repeat 102 2 current 0.777 all 0.309
patch_repeat 102 3 current 0.68 all 0.299
patch_repeat 102 4 current 0.809 all 0.386
patch_repeat 102 5 current 0.727 all 0.401
patch_repeat 102 6 current 0.82 all 0.405
patch_repeat 102 7 current 0.789 all 0.447
patch_repeat 102 8 current 0.684 all 0.427
patch_repeat 102 9 current 0.73 all 0.457
patch_replay 102 0 current 0.844 all 0.182
patch_replay 102 1 current 0.809 all 0.227
patch_replay 102 2 current 0.723 all 0.315
patch_replay 102 3 current 0.645 all 0.351
patch_replay 102 4 current 0.785 all 0.425
patch_replay 102 5 current 0.746 all 0.48
patch_replay 102 6 current 0.734 all 0.5
patch_replay 102 7 current 0.781 all 0.553
patch_replay 102 8 current 0.711 all 0.558
patch_replay 102 9 current 0.746 all 0.639
adam_none 102 0 current 0.578 all 0.153
adam_none 102 1 current 0.707 all 0.209
adam_none 102 2 current 0.754 all 0.292
adam_none 102 3 current 0.695 all 0.343
adam_none 102 4 current 0.746 all 0.376
adam_none 102 5 current 0.703 all 0.399
adam_none 102 6 current 0.719 all 0.442
adam_none 102 7 current 0.664 all 0.49
adam_none 102 8 current 0.664 all 0.501
adam_none 102 9 current 0.637 all 0.523
adam_repeat 102 0 current 0.578 all 0.153
adam_repeat 102 1 current 0.707 all 0.209
adam_repeat 102 2 current 0.754 all 0.292
adam_repeat 102 3 current 0.695 all 0.343
adam_repeat 102 4 current 0.746 all 0.376
adam_repeat 102 5 current 0.703 all 0.399
adam_repeat 102 6 current 0.719 all 0.442
adam_repeat 102 7 current 0.664 all 0.49
adam_repeat 102 8 current 0.664 all 0.501
adam_repeat 102 9 current 0.637 all 0.523
adam_replay 102 0 current 0.59 all 0.152
adam_replay 102 1 current 0.758 all 0.228
adam_replay 102 2 current 0.746 all 0.284
adam_replay 102 3 current 0.664 all 0.341
adam_replay 102 4 current 0.707 all 0.412
adam_replay 102 5 current 0.633 all 0.448
adam_replay 102 6 current 0.629 all 0.499
adam_replay 102 7 current 0.602 all 0.525
adam_replay 102 8 current 0.582 all 0.55
adam_replay 102 9 current 0.625 all 0.6
patch_none 103 0 current 0.82 all 0.172
patch_none 103 1 current 0.68 all 0.218
patch_none 103 2 current 0.852 all 0.283
patch_none 103 3 current 0.734 all 0.306
patch_none 103 4 current 0.82 all 0.35
patch_none 103 5 current 0.59 all 0.33
patch_none 103 6 current 0.754 all 0.398
patch_none 103 7 current 0.754 all 0.445
patch_none 103 8 current 0.805 all 0.45
patch_none 103 9 current 0.738 all 0.36
patch_repeat 103 0 current 0.82 all 0.172
patch_repeat 103 1 current 0.68 all 0.218
patch_repeat 103 2 current 0.852 all 0.283
patch_repeat 103 3 current 0.734 all 0.306
patch_repeat 103 4 current 0.82 all 0.35
patch_repeat 103 5 current 0.59 all 0.33
patch_repeat 103 6 current 0.754 all 0.398
patch_repeat 103 7 current 0.746 all 0.444
patch_repeat 103 8 current 0.793 all 0.449
patch_repeat 103 9 current 0.652 all 0.342
patch_replay 103 0 current 0.812 all 0.178
patch_replay 103 1 current 0.75 all 0.253
patch_replay 103 2 current 0.832 all 0.315
patch_replay 103 3 current 0.777 all 0.358
patch_replay 103 4 current 0.828 all 0.415
patch_replay 103 5 current 0.617 all 0.408
patch_replay 103 6 current 0.777 all 0.514
patch_replay 103 7 current 0.789 all 0.549
patch_replay 103 8 current 0.766 all 0.584
patch_replay 103 9 current 0.738 all 0.6
adam_none 103 0 current 0.57 all 0.152
adam_none 103 1 current 0.68 all 0.211
adam_none 103 2 current 0.719 all 0.272
adam_none 103 3 current 0.758 all 0.299
adam_none 103 4 current 0.719 all 0.364
adam_none 103 5 current 0.672 all 0.398
adam_none 103 6 current 0.73 all 0.455
adam_none 103 7 current 0.664 all 0.49
adam_none 103 8 current 0.676 all 0.498
adam_none 103 9 current 0.688 all 0.544
adam_repeat 103 0 current 0.57 all 0.152
adam_repeat 103 1 current 0.68 all 0.211
adam_repeat 103 2 current 0.719 all 0.272
adam_repeat 103 3 current 0.758 all 0.299
adam_repeat 103 4 current 0.719 all 0.364
adam_repeat 103 5 current 0.672 all 0.398
adam_repeat 103 6 current 0.73 all 0.455
adam_repeat 103 7 current 0.664 all 0.49
adam_repeat 103 8 current 0.676 all 0.498
adam_repeat 103 9 current 0.688 all 0.544
adam_replay 103 0 current 0.594 all 0.15
adam_replay 103 1 current 0.707 all 0.219
adam_replay 103 2 current 0.738 all 0.305
adam_replay 103 3 current 0.746 all 0.347
adam_replay 103 4 current 0.723 all 0.416
adam_replay 103 5 current 0.613 all 0.462
adam_replay 103 6 current 0.699 all 0.493
adam_replay 103 7 current 0.609 all 0.536
adam_replay 103 8 current 0.594 all 0.57
adam_replay 103 9 current 0.605 all 0.6
patch_none 104 0 current 0.816 all 0.158
patch_none 104 1 current 0.727 all 0.233
patch_none 104 2 current 0.859 all 0.294
patch_none 104 3 current 0.715 all 0.302
patch_none 104 4 current 0.672 all 0.307
patch_none 104 5 current 0.797 all 0.426
patch_none 104 6 current 0.762 all 0.41
patch_none 104 7 current 0.734 all 0.393
patch_none 104 8 current 0.766 all 0.423
patch_none 104 9 current 0.715 all 0.421
patch_repeat 104 0 current 0.816 all 0.158
patch_repeat 104 1 current 0.727 all 0.233
patch_repeat 104 2 current 0.859 all 0.294
patch_repeat 104 3 current 0.715 all 0.302
patch_repeat 104 4 current 0.672 all 0.307
patch_repeat 104 5 current 0.797 all 0.426
patch_repeat 104 6 current 0.762 all 0.41
patch_repeat 104 7 current 0.727 all 0.392
patch_repeat 104 8 current 0.762 all 0.424
patch_repeat 104 9 current 0.797 all 0.437
patch_replay 104 0 current 0.836 all 0.171
patch_replay 104 1 current 0.785 all 0.255
patch_replay 104 2 current 0.836 all 0.311
patch_replay 104 3 current 0.699 all 0.349
patch_replay 104 4 current 0.672 all 0.391
patch_replay 104 5 current 0.758 all 0.487
patch_replay 104 6 current 0.707 all 0.508
patch_replay 104 7 current 0.742 all 0.523
patch_replay 104 8 current 0.691 all 0.568
patch_replay 104 9 current 0.727 all 0.596
adam_none 104 0 current 0.672 all 0.177
adam_none 104 1 current 0.641 all 0.216
adam_none 104 2 current 0.793 all 0.283
adam_none 104 3 current 0.688 all 0.319
adam_none 104 4 current 0.73 all 0.35
adam_none 104 5 current 0.703 all 0.415
adam_none 104 6 current 0.676 all 0.454
adam_none 104 7 current 0.652 all 0.459
adam_none 104 8 current 0.656 all 0.514
adam_none 104 9 current 0.711 all 0.53
adam_repeat 104 0 current 0.672 all 0.177
adam_repeat 104 1 current 0.641 all 0.216
adam_repeat 104 2 current 0.793 all 0.283
adam_repeat 104 3 current 0.688 all 0.319
adam_repeat 104 4 current 0.73 all 0.35
adam_repeat 104 5 current 0.703 all 0.415
adam_repeat 104 6 current 0.676 all 0.454
adam_repeat 104 7 current 0.652 all 0.459
adam_repeat 104 8 current 0.656 all 0.514
adam_repeat 104 9 current 0.711 all 0.53
adam_replay 104 0 current 0.664 all 0.173
adam_replay 104 1 current 0.645 all 0.227
adam_replay 104 2 current 0.77 all 0.291
adam_replay 104 3 current 0.664 all 0.346
adam_replay 104 4 current 0.684 all 0.408
adam_replay 104 5 current 0.645 all 0.458
adam_replay 104 6 current 0.625 all 0.496
adam_replay 104 7 current 0.605 all 0.527
adam_replay 104 8 current 0.609 all 0.549
adam_replay 104 9 current 0.633 all 0.584
patch_none 105 0 current 0.727 all 0.16
patch_none 105 1 current 0.715 all 0.2
patch_none 105 2 current 0.832 all 0.28
patch_none 105 3 current 0.809 all 0.328
patch_none 105 4 current 0.703 all 0.34
patch_none 105 5 current 0.707 all 0.315
patch_none 105 6 current 0.781 all 0.365
patch_none 105 7 current 0.785 all 0.387
patch_none 105 8 current 0.828 all 0.373
patch_none 105 9 current 0.609 all 0.362
patch_repeat 105 0 current 0.727 all 0.16
patch_repeat 105 1 current 0.715 all 0.2
patch_repeat 105 2 current 0.832 all 0.28
patch_repeat 105 3 current 0.809 all 0.328
patch_repeat 105 4 current 0.703 all 0.34
patch_repeat 105 5 current 0.707 all 0.315
patch_repeat 105 6 current 0.781 all 0.365
patch_repeat 105 7 current 0.77 all 0.385
patch_repeat 105 8 current 0.793 all 0.364
patch_repeat 105 9 current 0.582 all 0.357
patch_replay 105 0 current 0.801 all 0.17
patch_replay 105 1 current 0.703 all 0.212
patch_replay 105 2 current 0.832 all 0.318
patch_replay 105 3 current 0.766 all 0.349
patch_replay 105 4 current 0.699 all 0.407
patch_replay 105 5 current 0.754 all 0.464
patch_replay 105 6 current 0.742 all 0.511
patch_replay 105 7 current 0.812 all 0.561
patch_replay 105 8 current 0.812 all 0.588
patch_replay 105 9 current 0.781 all 0.626
adam_none 105 0 current 0.719 all 0.187
adam_none 105 1 current 0.719 all 0.21
adam_none 105 2 current 0.688 all 0.269
adam_none 105 3 current 0.695 all 0.321
adam_none 105 4 current 0.707 all 0.37
adam_none 105 5 current 0.738 all 0.403
adam_none 105 6 current 0.707 all 0.424
adam_none 105 7 current 0.746 all 0.491
adam_none 105 8 current 0.723 all 0.508
adam_none 105 9 current 0.73 all 0.546
adam_repeat 105 0 current 0.719 all 0.187
adam_repeat 105 1 current 0.719 all 0.21
adam_repeat 105 2 current 0.688 all 0.269
adam_repeat 105 3 current 0.695 all 0.321
adam_repeat 105 4 current 0.707 all 0.37
adam_repeat 105 5 current 0.734 all 0.402
adam_repeat 105 6 current 0.707 all 0.423
adam_repeat 105 7 current 0.746 all 0.491
adam_repeat 105 8 current 0.727 all 0.508
adam_repeat 105 9 current 0.73 all 0.546
adam_replay 105 0 current 0.75 all 0.181
adam_replay 105 1 current 0.742 all 0.217
adam_replay 105 2 current 0.738 all 0.286
adam_replay 105 3 current 0.645 all 0.361
adam_replay 105 4 current 0.652 all 0.411
adam_replay 105 5 current 0.66 all 0.454
adam_replay 105 6 current 0.688 all 0.499
adam_replay 105 7 current 0.695 all 0.539
adam_replay 105 8 current 0.691 all 0.575
adam_replay 105 9 current 0.688 all 0.616
