patch_none 99 0 current 1.0 all 0.2
patch_none 99 1 current 0.875 all 0.175
patch_none 99 2 current 0.98 all 0.196
patch_none 99 3 current 0.992 all 0.198
patch_none 99 4 current 0.504 all 0.101
patch_repeat 99 0 current 1.0 all 0.2
patch_repeat 99 1 current 0.875 all 0.175
patch_repeat 99 2 current 0.98 all 0.196
patch_repeat 99 3 current 0.992 all 0.198
patch_repeat 99 4 current 0.504 all 0.101
patch_replay 99 0 current 1.0 all 0.2
patch_replay 99 1 current 0.93 all 0.371
patch_replay 99 2 current 0.949 all 0.523
patch_replay 99 3 current 0.965 all 0.664
patch_replay 99 4 current 0.84 all 0.679
adam_none 99 0 current 0.98 all 0.196
adam_none 99 1 current 0.441 all 0.249
adam_none 99 2 current 0.082 all 0.298
adam_none 99 3 current 0.633 all 0.315
adam_none 99 4 current 0.496 all 0.099
adam_repeat 99 0 current 0.98 all 0.196
adam_repeat 99 1 current 0.441 all 0.249
adam_repeat 99 2 current 0.082 all 0.298
adam_repeat 99 3 current 0.633 all 0.315
adam_repeat 99 4 current 0.496 all 0.099
adam_replay 99 0 current 0.98 all 0.196
adam_replay 99 1 current 0.375 all 0.274
adam_replay 99 2 current 0.02 all 0.316
adam_replay 99 3 current 0.273 all 0.414
adam_replay 99 4 current 0.707 all 0.352
