patch_none 101 0 current 1.0 all 0.2
patch_none 101 1 current 0.961 all 0.192
patch_none 101 2 current 0.969 all 0.195
patch_none 101 3 current 0.988 all 0.198
patch_none 101 4 current 0.953 all 0.191
patch_repeat 101 0 current 1.0 all 0.2
patch_repeat 101 1 current 0.961 all 0.192
patch_repeat 101 2 current 0.969 all 0.195
patch_repeat 101 3 current 0.988 all 0.198
patch_repeat 101 4 current 0.953 all 0.191
patch_replay 101 0 current 1.0 all 0.2
patch_replay 101 1 current 0.895 all 0.377
patch_replay 101 2 current 0.953 all 0.558
patch_replay 101 3 current 0.949 all 0.737
patch_replay 101 4 current 0.887 all 0.802
adam_none 101 0 current 1.0 all 0.2
adam_none 101 1 current 0.898 all 0.18
adam_none 101 2 current 0.918 all 0.184
adam_none 101 3 current 0.98 all 0.196
adam_none 101 4 current 0.508 all 0.103
adam_repeat 101 0 current 1.0 all 0.2
adam_repeat 101 1 current 0.898 all 0.18
adam_repeat 101 2 current 0.918 all 0.184
adam_repeat 101 3 current 0.98 all 0.196
adam_repeat 101 4 current 0.508 all 0.103
adam_replay 101 0 current 1.0 all 0.2
adam_replay 101 1 current 0.898 all 0.359
adam_replay 101 2 current 0.941 all 0.409
adam_replay 101 3 current 0.98 all 0.498
adam_replay 101 4 current 0.672 all 0.475
patch_none 102 0 current 1.0 all 0.2
patch_none 102 1 current 0.953 all 0.191
patch_none 102 2 current 0.992 all 0.198
patch_none 102 3 current 0.984 all 0.197
patch_none 102 4 current 0.961 all 0.192
patch_repeat 102 0 current 1.0 all 0.2
patch_repeat 102 1 current 0.953 all 0.191
patch_repeat 102 2 current 0.992 all 0.198
patch_repeat 102 3 current 0.984 all 0.197
patch_repeat 102 4 current 0.961 all 0.192
patch_replay 102 0 current 1.0 all 0.2
patch_replay 102 1 current 0.934 all 0.383
patch_replay 102 2 current 0.914 all 0.55
patch_replay 102 3 current 0.945 all 0.677
patch_replay 102 4 current 0.965 all 0.698
adam_none 102 0 current 1.0 all 0.2
adam_none 102 1 current 0.906 all 0.184
adam_none 102 2 current 0.961 all 0.192
adam_none 102 3 current 0.484 all 0.097
adam_none 102 4 current 0.652 all 0.13
adam_repeat 102 0 current 1.0 all 0.2
adam_repeat 102 1 current 0.906 all 0.184
adam_repeat 102 2 current 0.961 all 0.192
adam_repeat 102 3 current 0.484 all 0.097
adam_repeat 102 4 current 0.652 all 0.13
adam_replay 102 0 current 1.0 all 0.2
adam_replay 102 1 current 0.918 all 0.341
adam_replay 102 2 current 0.949 all 0.383
adam_replay 102 3 current 0.934 all 0.452
adam_replay 102 4 current 0.898 all 0.429
patch_none 103 0 current 1.0 all 0.2
patch_none 103 1 current 0.992 all 0.198
patch_none 103 2 current 0.977 all 0.195
patch_none 103 3 current 1.0 all 0.205
patch_none 103 4 current 0.957 all 0.191
patch_repeat 103 0 current 1.0 all 0.2
patch_repeat 103 1 current 0.992 all 0.198
patch_repeat 103 2 current 0.977 all 0.195
patch_repeat 103 3 current 1.0 all 0.205
patch_repeat 103 4 current 0.957 all 0.191
patch_replay 103 0 current 1.0 all 0.2
patch_replay 103 1 current 0.961 all 0.389
patch_replay 103 2 current 0.934 all 0.56
patch_replay 103 3 current 0.934 all 0.728
patch_replay 103 4 current 0.945 all 0.747
adam_none 103 0 current 1.0 all 0.2
adam_none 103 1 current 0.961 all 0.192
adam_none 103 2 current 0.887 all 0.177
adam_none 103 3 current 0.988 all 0.198
adam_none 103 4 current 0.527 all 0.133
adam_repeat 103 0 current 1.0 all 0.2
adam_repeat 103 1 current 0.961 all 0.192
adam_repeat 103 2 current 0.887 all 0.177
adam_repeat 103 3 current 0.988 all 0.198
adam_repeat 103 4 current 0.527 all 0.133
adam_replay 103 0 current 1.0 all 0.2
adam_replay 103 1 current 0.965 all 0.365
adam_replay 103 2 current 0.938 all 0.463
adam_replay 103 3 current 0.949 all 0.502
adam_replay 103 4 current 0.875 all 0.543
patch_none 104 0 current 1.0 all 0.2
patch_none 104 1 current 0.961 all 0.192
patch_none 104 2 current 0.988 all 0.198
patch_none 104 3 current 0.996 all 0.199
patch_none 104 4 current 0.973 all 0.195
patch_repeat 104 0 current 1.0 all 0.2
patch_repeat 104 1 current 0.961 all 0.192
patch_repeat 104 2 current 0.988 all 0.198
patch_repeat 104 3 current 0.996 all 0.199
patch_repeat 104 4 current 0.973 all 0.195
patch_replay 104 0 current 1.0 all 0.2
patch_replay 104 1 current 0.945 all 0.384
patch_replay 104 2 current 0.969 all 0.557
patch_replay 104 3 current 0.984 all 0.713
patch_replay 104 4 current 0.934 all 0.806
adam_none 104 0 current 1.0 all 0.2
adam_none 104 1 current 0.883 all 0.177
adam_none 104 2 current 0.922 all 0.184
adam_none 104 3 current 0.996 all 0.199
adam_none 104 4 current 0.473 all 0.095
adam_repeat 104 0 current 1.0 all 0.2
adam_repeat 104 1 current 0.883 all 0.177
adam_repeat 104 2 current 0.922 all 0.184
adam_repeat 104 3 current 0.996 all 0.199
adam_repeat 104 4 current 0.473 all 0.095
adam_replay 104 0 current 1.0 all 0.2
adam_replay 104 1 current 0.941 all 0.366
adam_replay 104 2 current 0.941 all 0.42
adam_replay 104 3 current 0.984 all 0.47
adam_replay 104 4 current 0.836 all 0.558
patch_none 105 0 current 1.0 all 0.2
patch_none 105 1 current 0.973 all 0.195
patch_none 105 2 current 0.977 all 0.195
patch_none 105 3 current 0.98 all 0.196
patch_none 105 4 current 0.961 all 0.192
patch_repeat 105 0 current 1.0 all 0.2
patch_repeat 105 1 current 0.973 all 0.195
patch_repeat 105 2 current 0.977 all 0.195
patch_repeat 105 3 current 0.98 all 0.196
patch_repeat 105 4 current 0.961 all 0.192
patch_replay 105 0 current 1.0 all 0.2
patch_replay 105 1 current 0.957 all 0.38
patch_replay 105 2 current 0.973 all 0.538
patch_replay 105 3 current 0.953 all 0.72
patch_replay 105 4 current 0.945 all 0.843
adam_none 105 0 current 1.0 all 0.2
adam_none 105 1 current 0.945 all 0.189
adam_none 105 2 current 0.922 all 0.184
adam_none 105 3 current 0.984 all 0.249
adam_none 105 4 current 0.648 all 0.145
adam_repeat 105 0 current 1.0 all 0.2
adam_repeat 105 1 current 0.945 all 0.189
adam_repeat 105 2 current 0.922 all 0.184
adam_repeat 105 3 current 0.984 all 0.249
adam_repeat 105 4 current 0.648 all 0.145
adam_replay 105 0 current 1.0 all 0.2
adam_replay 105 1 current 0.945 all 0.351
adam_replay 105 2 current 0.953 all 0.358
adam_replay 105 3 current 0.977 all 0.471
adam_replay 105 4 current 0.738 all 0.599
